E:\D\dsh-workspace\学校相关\Joint_Out_of_Distribution_Filtering_and_Data_Discovery_Active_Learning\src\joda_al\utils\logging_utils\log_writers.py:43: UserWarning: Logger already initialized
  warnings.warn("Logger already initialized")
2026-08-19 17:28:00,898 - sal - INFO - Logger initialized
2026-08-19 17:28:00,899 - sal - INFO - TensorBoardWriter initialized logging to : ./experiments\tf_board\joda_cifar100_pretrained_t
2026-08-19 17:28:00,902 - sal - INFO - FileWriter initialized logging to : ./experiments\joda_cifar100_pretrained_t
2026-08-19 17:28:00,902 - sal - INFO - {'skip_first': False, 'resume': None, 'checkpoint_path': '/src/checkpoint.model', 'only_select': False, 'experiment_folder': 'joda_cifar100_pretrained_t', 'root_folder': './experiments', 'seed': 0, 'image_tag': -1, 'task': 'classification', 'engine': 'pytorch', 'method_type': 'lloss', 'base': 'Full', 'mlflow_name': 'streamI', 'store_image': False, 'store_tsne': False, 'plot_ind_ood': False, 'verbosity': 0, 'query_scenario': 'Full', 'cycles': 10, 'query_size': 2500, 'is_percent': False, 'full_set': False, 'overlap': 50, 'over_selection': 2.0, 'new_model_eval': False, 'strategy': 'retrain', 'data_scenario': 'standard', 'ind_classes': [0, 1, 2, 3, 4, 5, 6, 7, 8, 9], 'near_classes': [], 'far_classes': [], 'near_dataset': 'None', 'far_dataset': 'random', 'near_ratio': 0.5, 'expanding_th': 100, 'opensetmode': 'InD', 'dataset': 'cifar100', 'order': 1, 'dataset_path': './data', 'size': 'full', 'static_configuration': 'ta', 'lr': 0.01, 'lr_backbone': 0.001, 'momentum': 0.9, 'wdcay': 0.0005, 'batch_size': 256, 'num_epochs': 10, 'softmax': False, 'optimizer': 'SGD', 'early_stopping': 'none', 'patience': 100, 'num_workers': 0, 'cls_weights': None, 'aux_loss': False, 'milestones': [5, 8], 'scheduler': {'type': 'MultiStep', 'gamma': 0.1}, 'warm_up': False, 'epoch_start': 0, 'epsilon': 0.1, 'eval_frequencey': 100, 'loss_func': 'CrossEntropy', 'alpha': 0.5, 'triplet_margin': 0.5, 'triplet_mode': 'off', 'store_predictions': False, 'ensemble': False, 'ensemble_size': 3, 'ensemble_training': True, 'load_from_checkpoint': '', 'agg_mode': 'mean', 'num_mc_samples': 10, 'args': {}, 'model': 'Resnet18T', 'pretrained': True, 'pretrained_backbone': True, 'model_configuration': {}, 'epochs_vaal': 100, 'gcn_dropout_rate': 0.3, 'gcn_lambda_loss': 1.2, 'gcn_hidden_units': 128, 'gcn_s_margin': 0.1, 'gcn_lr': 0.001, 'gcn_graph_type': 'gcn', 'train_loss_detached': False, 'loss_module_lr': -1, 'epoch_loss': 100, 'train_loss': False, 'head_loss_features': False, 'lloss_reg': 0.5, 'margin': 1.0, 'lloss_weight': 1.0, 'lloss_loss_function': 'mse', 'coverage_method': 'NC', 'coverage_hyper': 0.75, 'coverage_al': 'incremental', 'surprise_strategy': 'surprise', 'gain_mode': 'standard', 'use_gradients': True, 'acl_balancing': True, 'use_pca': False, 'seperator': 'metric', 'sep_metric': 'AB', 'layer_selection': '', 'nac_config': './src/joda_al/Config/Selection_Methods/nac/resnet/', 'nac_dataset': 'cifar10', 'sigmoids': {'AdaptiveAvgPool2d-1': 1, 'Sequential-3': 1, 'Sequential-2': 1, 'Sequential-1': 1}, 'apply_ood_filter': True, 'lambda_oe': 0.5, 'prob_cover_delta': 0.25, 'num_flow_warmup': 5, 'num_flow_finetune': 5, 'flow_cross_entropy_weight': 0.0, 'flow_type': 'radial', 'flow_num_layers': 5, 'flow_early_stopping': False, 'flow_all_data': False, 'experiment_path': './experiments\\joda_cifar100_pretrained_t'}
2026-08-19 17:28:00,905 - sal - INFO - Config is: { 'acl_balancing': True,
  'agg_mode': 'mean',
  'alpha': 0.5,
  'apply_ood_filter': True,
  'args': {},
  'aux_loss': False,
  'base': 'Full',
  'batch_size': 256,
  'checkpoint_path': '/src/checkpoint.model',
  'cls_weights': None,
  'coverage_al': 'incremental',
  'coverage_hyper': 0.75,
  'coverage_method': 'NC',
  'cycles': 10,
  'data_scenario': 'standard',
  'dataset': 'cifar100',
  'dataset_path': './data',
  'early_stopping': 'none',
  'engine': 'pytorch',
  'ensemble': False,
  'ensemble_size': 3,
  'ensemble_training': True,
  'epoch_loss': 100,
  'epoch_start': 0,
  'epochs_vaal': 100,
  'epsilon': 0.1,
  'eval_frequencey': 100,
  'expanding_th': 100,
  'experiment_folder': 'joda_cifar100_pretrained_t',
  'experiment_path': './experiments\\joda_cifar100_pretrained_t',
  'far_classes': [],
  'far_dataset': 'random',
  'flow_all_data': False,
  'flow_cross_entropy_weight': 0.0,
  'flow_early_stopping': False,
  'flow_num_layers': 5,
  'flow_type': 'radial',
  'full_set': False,
  'gain_mode': 'standard',
  'gcn_dropout_rate': 0.3,
  'gcn_graph_type': 'gcn',
  'gcn_hidden_units': 128,
  'gcn_lambda_loss': 1.2,
  'gcn_lr': 0.001,
  'gcn_s_margin': 0.1,
  'head_loss_features': False,
  'image_tag': -1,
  'ind_classes': [0, 1, 2, 3, 4, 5, 6, 7, 8, 9],
  'is_percent': False,
  'lambda_oe': 0.5,
  'layer_selection': '',
  'lloss_loss_function': 'mse',
  'lloss_reg': 0.5,
  'lloss_weight': 1.0,
  'load_from_checkpoint': '',
  'loss_func': 'CrossEntropy',
  'loss_module_lr': -1,
  'lr': 0.01,
  'lr_backbone': 0.001,
  'margin': 1.0,
  'method_type': 'lloss',
  'milestones': [5, 8],
  'mlflow_name': 'streamI',
  'model': 'Resnet18T',
  'model_configuration': {},
  'momentum': 0.9,
  'nac_config': './src/joda_al/Config/Selection_Methods/nac/resnet/',
  'nac_dataset': 'cifar10',
  'near_classes': [],
  'near_dataset': 'None',
  'near_ratio': 0.5,
  'new_model_eval': False,
  'num_epochs': 10,
  'num_flow_finetune': 5,
  'num_flow_warmup': 5,
  'num_mc_samples': 10,
  'num_workers': 0,
  'only_select': False,
  'opensetmode': 'InD',
  'optimizer': 'SGD',
  'order': 1,
  'over_selection': 2.0,
  'overlap': 50,
  'patience': 100,
  'plot_ind_ood': False,
  'pretrained': True,
  'pretrained_backbone': True,
  'prob_cover_delta': 0.25,
  'query_scenario': 'Full',
  'query_size': 2500,
  'resume': None,
  'root_folder': './experiments',
  'scheduler': {'gamma': 0.1, 'type': 'MultiStep'},
  'seed': 0,
  'sep_metric': 'AB',
  'seperator': 'metric',
  'sigmoids': { 'AdaptiveAvgPool2d-1': 1,
                'Sequential-1': 1,
                'Sequential-2': 1,
                'Sequential-3': 1},
  'size': 'full',
  'skip_first': False,
  'softmax': False,
  'static_configuration': 'ta',
  'store_image': False,
  'store_predictions': False,
  'store_tsne': False,
  'strategy': 'retrain',
  'surprise_strategy': 'surprise',
  'task': 'classification',
  'train_loss': False,
  'train_loss_detached': False,
  'triplet_margin': 0.5,
  'triplet_mode': 'off',
  'use_gradients': True,
  'use_pca': False,
  'verbosity': 0,
  'warm_up': False,
  'wdcay': 0.0005}

2026-08-19 17:28:00,909 - sal - INFO - Load Dataset
2026-08-19 17:28:02,735 - sal - INFO - Fulltraining:
2026-08-19 17:28:02,741 - sal - INFO - <class 'joda_al.data_loaders.dataset_lib.PropertySubset'>
Warning: Could not import 'patches' for 3DDet. Some functionality may be unavailable.
Dataset: cifar100
Method type:Joda
Cycle type:Full
Logger not initialized, initializing print logger
cuda:0
Downloading: "https://download.pytorch.org/models/resnet18-f37072fd.pth" to ../Model_Weights\resnet18-f37072fd.pth
  0%|          | 0.00/44.7M [00:00<?, ?B/s]  2%|▏         | 1.00M/44.7M [00:00<00:04, 10.4MB/s] 24%|██▍       | 10.6M/44.7M [00:00<00:00, 63.4MB/s] 43%|████▎     | 19.1M/44.7M [00:00<00:00, 75.0MB/s] 79%|███████▉  | 35.5M/44.7M [00:00<00:00, 112MB/s] 100%|██████████| 44.7M/44.7M [00:00<00:00, 99.3MB/s]
2026-08-19 17:28:04,308 - sal - INFO - Creating New Model
2026-08-19 17:28:04,308 - sal - INFO - 100
2026-08-19 17:28:04,308 - sal - INFO - Start Training
  0%|          | 0/10 [00:00<?, ?Epochs/s]E:\A\Anaconda\miniconda3\envs\joda-cuda\lib\site-packages\sklearn\metrics\_classification.py:1318: UndefinedMetricWarning: Precision is ill-defined and being set to 0.0 in labels with no predicted samples. Use `zero_division` parameter to control this behavior.
  _warn_prf(average, modifier, msg_start, len(result))
E:\A\Anaconda\miniconda3\envs\joda-cuda\lib\site-packages\sklearn\metrics\_classification.py:1318: UndefinedMetricWarning: Precision is ill-defined and being set to 0.0 in labels with no predicted samples. Use `zero_division` parameter to control this behavior.
  _warn_prf(average, modifier, msg_start, len(result))
  0%|          | 0/10 [00:39<?, ?Epochs/s, val acc: 0.295200 f1: 0.262797 val loss: 2.800360918045044  loss:2.8445706367492676]2026-08-19 17:28:43,515 - sal - INFO - {'loss': 2.8445706367492676, 'modLoss': None}
2026-08-19 17:28:43,515 - sal - INFO - {'loss': tensor(2.8004), 'modLoss': None}
 10%|█         | 1/10 [00:39<05:52, 39.21s/Epochs, val acc: 0.295200 f1: 0.262797 val loss: 2.800360918045044  loss:2.8445706367492676] 20%|██        | 2/10 [01:04<04:09, 31.14s/Epochs, val acc: 0.295200 f1: 0.262797 val loss: 2.800360918045044  loss:2.8445706367492676] 30%|███       | 3/10 [01:30<03:19, 28.57s/Epochs, val acc: 0.295200 f1: 0.262797 val loss: 2.800360918045044  loss:2.8445706367492676] 40%|████      | 4/10 [01:55<02:43, 27.26s/Epochs, val acc: 0.295200 f1: 0.262797 val loss: 2.800360918045044  loss:2.8445706367492676] 50%|█████     | 5/10 [02:20<02:13, 26.63s/Epochs, val acc: 0.295200 f1: 0.262797 val loss: 2.800360918045044  loss:2.8445706367492676] 60%|██████    | 6/10 [02:46<01:44, 26.20s/Epochs, val acc: 0.295200 f1: 0.262797 val loss: 2.800360918045044  loss:2.8445706367492676] 70%|███████   | 7/10 [03:11<01:17, 25.94s/Epochs, val acc: 0.295200 f1: 0.262797 val loss: 2.800360918045044  loss:2.8445706367492676] 80%|████████  | 8/10 [03:37<00:51, 25.80s/Epochs, val acc: 0.295200 f1: 0.262797 val loss: 2.800360918045044  loss:2.8445706367492676] 90%|█████████ | 9/10 [04:02<00:25, 25.64s/Epochs, val acc: 0.295200 f1: 0.262797 val loss: 2.800360918045044  loss:2.8445706367492676]100%|██████████| 10/10 [04:27<00:00, 25.54s/Epochs, val acc: 0.295200 f1: 0.262797 val loss: 2.800360918045044  loss:2.8445706367492676]100%|██████████| 10/10 [04:27<00:00, 26.78s/Epochs, val acc: 0.295200 f1: 0.262797 val loss: 2.800360918045044  loss:2.8445706367492676]
2026-08-19 17:32:32,145 - sal - INFO - Training Done
2026-08-19 17:32:34,681 - sal - INFO - Test Acc 0.5488
2026-08-19 17:32:34,681 - sal - INFO - Test F1 0.5473975220848414
2026-08-19 17:32:34,686 - sal - INFO - deinitialize Logger
Check if 1 samples should be compared for loss
Check if 1 samples should be compared for loss
Check if 1 samples should be compared for loss
Check if 1 samples should be compared for loss
Check if 1 samples should be compared for loss
Check if 1 samples should be compared for loss
Check if 1 samples should be compared for loss
Check if 1 samples should be compared for loss
Check if 1 samples should be compared for loss
Check if 1 samples should be compared for loss
